// Vitest Snapshot v1, https://vitest.dev/guide/snapshot.html

exports[`DataCard > should renders with the correct structure 1`] = `
<div>
  <div
    class="rounded-lg border bg-card text-card-foreground shadow-sm w-full"
  >
    <div
      class="p-3 flex items-center space-x-2"
    >
      <span>
         
        <span>
          ðŸ’°
        </span>
      </span>
      <p
        class="text-muted-foreground text-sm"
      >
        Total Sales
      </p>
    </div>
    <div
      class="flex flex-col space-y-2 p-3"
    >
      <div
        class="flex justify-between "
      >
        <h4
          class="text-2xl font-bold"
        >
          Total
        </h4>
        <p>
          500
        </p>
      </div>
      <p>
        Total sales made this month.
      </p>
    </div>
  </div>
</div>
`;
