// Vitest Snapshot v1, https://vitest.dev/guide/snapshot.html

exports[`OrdersTable > should render with the correct structure 1`] = `
<div>
  <div
    class="border shadow-sm rounded-lg overflow-auto md:w-full w-[328px]"
  >
    <div
      class="relative w-full overflow-auto"
    >
      <table
        class="w-full caption-bottom text-sm"
      >
        <thead
          class="[&_tr]:border-b"
        >
          <tr
            class="border-b transition-colors hover:bg-muted/50 data-[state=selected]:bg-muted"
          >
            <th
              class="h-12 px-4 text-left align-middle font-medium text-muted-foreground [&:has([role=checkbox])]:pr-0"
            >
              Order ID
            </th>
            <th
              class="h-12 px-4 text-left align-middle font-medium text-muted-foreground [&:has([role=checkbox])]:pr-0"
            >
              Customer Name
            </th>
            <th
              class="h-12 px-4 text-left align-middle font-medium text-muted-foreground [&:has([role=checkbox])]:pr-0"
            >
              Product Name
            </th>
            <th
              class="h-12 px-4 text-left align-middle font-medium text-muted-foreground [&:has([role=checkbox])]:pr-0"
            >
              Order Date
            </th>
            <th
              class="h-12 px-4 text-left align-middle font-medium text-muted-foreground [&:has([role=checkbox])]:pr-0"
            >
              Payment Status
            </th>
            <th
              class="h-12 px-4 text-left align-middle font-medium text-muted-foreground [&:has([role=checkbox])]:pr-0"
            >
              Total Price
            </th>
            <th
              class="h-12 px-4 text-left align-middle font-medium text-muted-foreground [&:has([role=checkbox])]:pr-0"
            >
              Actions
            </th>
          </tr>
        </thead>
        <tbody
          class="[&_tr:last-child]:border-0"
        >
          <tr
            class="border-b transition-colors hover:bg-muted/50 data-[state=selected]:bg-muted"
          >
            <td
              class="p-4 align-middle [&:has([role=checkbox])]:pr-0"
            >
              1
            </td>
            <td
              class="p-4 align-middle [&:has([role=checkbox])]:pr-0 font-medium"
            >
              John Doe
            </td>
            <td
              class="p-4 align-middle [&:has([role=checkbox])]:pr-0"
            >
              Laptop
            </td>
            <td
              class="p-4 align-middle [&:has([role=checkbox])]:pr-0"
            >
              2024-11-01
            </td>
            <td
              class="p-4 align-middle [&:has([role=checkbox])]:pr-0"
            >
              Paid
            </td>
            <td
              class="p-4 align-middle [&:has([role=checkbox])]:pr-0"
            >
              $1,200.00
            </td>
            <td
              class="p-4 align-middle [&:has([role=checkbox])]:pr-0"
            >
              <button
                aria-expanded="false"
                aria-haspopup="true"
                class="inline-flex items-center justify-center whitespace-nowrap rounded-md text-lg font-semibold ring-offset-background transition-colors focus-visible:outline-none focus-visible:ring-2 focus-visible:ring-ring focus-visible:ring-offset-2 disabled:pointer-events-none disabled:opacity-50 hover:bg-accent hover:text-accent-foreground h-10 w-10"
                data-state="closed"
                id="radix-:r4:"
                type="button"
              >
                <svg
                  class="h-4 w-4"
                  fill="currentColor"
                  height="1em"
                  stroke="currentColor"
                  stroke-width="0"
                  viewBox="0 0 256 512"
                  width="1em"
                  xmlns="http://www.w3.org/2000/svg"
                >
                  <path
                    d="M214.059 377.941H168V134.059h46.059c21.382 0 32.09-25.851 16.971-40.971L144.971 7.029c-9.373-9.373-24.568-9.373-33.941 0L24.971 93.088c-15.119 15.119-4.411 40.971 16.971 40.971H88v243.882H41.941c-21.382 0-32.09 25.851-16.971 40.971l86.059 86.059c9.373 9.373 24.568 9.373 33.941 0l86.059-86.059c15.12-15.119 4.412-40.971-16.97-40.971z"
                  />
                </svg>
                <span
                  class="sr-only"
                >
                  Toggle menu
                </span>
              </button>
            </td>
          </tr>
          <tr
            class="border-b transition-colors hover:bg-muted/50 data-[state=selected]:bg-muted"
          >
            <td
              class="p-4 align-middle [&:has([role=checkbox])]:pr-0"
            >
              2
            </td>
            <td
              class="p-4 align-middle [&:has([role=checkbox])]:pr-0 font-medium"
            >
              Jane Smith
            </td>
            <td
              class="p-4 align-middle [&:has([role=checkbox])]:pr-0"
            >
              Smartphone
            </td>
            <td
              class="p-4 align-middle [&:has([role=checkbox])]:pr-0"
            >
              2024-11-02
            </td>
            <td
              class="p-4 align-middle [&:has([role=checkbox])]:pr-0"
            >
              Pending
            </td>
            <td
              class="p-4 align-middle [&:has([role=checkbox])]:pr-0"
            >
              $800.00
            </td>
            <td
              class="p-4 align-middle [&:has([role=checkbox])]:pr-0"
            >
              <button
                aria-expanded="false"
                aria-haspopup="true"
                class="inline-flex items-center justify-center whitespace-nowrap rounded-md text-lg font-semibold ring-offset-background transition-colors focus-visible:outline-none focus-visible:ring-2 focus-visible:ring-ring focus-visible:ring-offset-2 disabled:pointer-events-none disabled:opacity-50 hover:bg-accent hover:text-accent-foreground h-10 w-10"
                data-state="closed"
                id="radix-:r6:"
                type="button"
              >
                <svg
                  class="h-4 w-4"
                  fill="currentColor"
                  height="1em"
                  stroke="currentColor"
                  stroke-width="0"
                  viewBox="0 0 256 512"
                  width="1em"
                  xmlns="http://www.w3.org/2000/svg"
                >
                  <path
                    d="M214.059 377.941H168V134.059h46.059c21.382 0 32.09-25.851 16.971-40.971L144.971 7.029c-9.373-9.373-24.568-9.373-33.941 0L24.971 93.088c-15.119 15.119-4.411 40.971 16.971 40.971H88v243.882H41.941c-21.382 0-32.09 25.851-16.971 40.971l86.059 86.059c9.373 9.373 24.568 9.373 33.941 0l86.059-86.059c15.12-15.119 4.412-40.971-16.97-40.971z"
                  />
                </svg>
                <span
                  class="sr-only"
                >
                  Toggle menu
                </span>
              </button>
            </td>
          </tr>
        </tbody>
      </table>
    </div>
  </div>
</div>
`;
